[demo.w3layouts.com/demos_new/template_demo/22-06-2017/medicate-demo_Free/2121820411/web/index.html]
[backblue.gif]
[fade.gif]
[index.html]
[demo.w3layouts.com/demos_new/template_demo/22-06-2017/medicate-demo_Free/2121820411/web/js/jquery-1.11.1.min.js]
[demo.w3layouts.com/demos_new/template_demo/22-06-2017/medicate-demo_Free/2121820411/web/js/bootstrap.js]
[demo.w3layouts.com/demos_new/template_demo/22-06-2017/medicate-demo_Free/2121820411/web/css/bootstrap.css]
[demo.w3layouts.com/demos_new/template_demo/22-06-2017/medicate-demo_Free/2121820411/web/css/easy-responsive-tabs.css]
[demo.w3layouts.com/demos_new/template_demo/22-06-2017/medicate-demo_Free/2121820411/web/css/style.css]
[demo.w3layouts.com/demos_new/template_demo/22-06-2017/medicate-demo_Free/2121820411/web/css/gallery.css]
[demo.w3layouts.com/demos_new/template_demo/22-06-2017/medicate-demo_Free/2121820411/web/css/font-awesome.css]
[demo.w3layouts.com/demos_new/template_demo/22-06-2017/medicate-demo_Free/2121820411/web/js/modernizr.custom.js]
[demo.w3layouts.com/demos_new/template_demo/22-06-2017/medicate-demo_Free/2121820411/web/js/modernizr.custom.79639.js]
[demo.w3layouts.com/demos_new/template_demo/22-06-2017/medicate-demo_Free/2121820411/web/css/custom.css]
[demo.w3layouts.com/demos_new/template_demo/22-06-2017/medicate-demo_Free/2121820411/web/js/move-top.js]
[demo.w3layouts.com/demos_new/template_demo/22-06-2017/medicate-demo_Free/2121820411/web/js/easing.js]
[m.servedby-buysellads.com/monetization.js]
[demo.w3layouts.com/assests/css/font-awesome.min.css]
[demo.w3layouts.com/demos_new/template_demo/22-06-2017/medicate-demo_Free/2121820411/web/js/main.js]
[demo.w3layouts.com/demos_new/template_demo/22-06-2017/medicate-demo_Free/2121820411/web/js/responsiveslides.js]
[demo.w3layouts.com/demos_new/template_demo/22-06-2017/medicate-demo_Free/2121820411/web/images/1.jpg]
[demo.w3layouts.com/demos_new/template_demo/22-06-2017/medicate-demo_Free/2121820411/web/images/a.jpg]
[demo.w3layouts.com/demos_new/template_demo/22-06-2017/medicate-demo_Free/2121820411/web/images/b.jpg]
[demo.w3layouts.com/demos_new/template_demo/22-06-2017/medicate-demo_Free/2121820411/web/images/c.jpg]
[demo.w3layouts.com/demos_new/template_demo/22-06-2017/medicate-demo_Free/2121820411/web/images/d.jpg]
[demo.w3layouts.com/demos_new/template_demo/22-06-2017/medicate-demo_Free/2121820411/web/images/e.jpg]
[demo.w3layouts.com/demos_new/template_demo/22-06-2017/medicate-demo_Free/2121820411/web/images/f.jpg]
[demo.w3layouts.com/demos_new/template_demo/22-06-2017/medicate-demo_Free/2121820411/web/images/g.jpg]
[demo.w3layouts.com/demos_new/template_demo/22-06-2017/medicate-demo_Free/2121820411/web/images/h.jpg]
[demo.w3layouts.com/demos_new/template_demo/22-06-2017/medicate-demo_Free/2121820411/web/images/i.jpg]
[demo.w3layouts.com/demos_new/template_demo/22-06-2017/medicate-demo_Free/2121820411/web/images/j.jpg]
[demo.w3layouts.com/demos_new/template_demo/22-06-2017/medicate-demo_Free/2121820411/web/js/imagesloaded.pkgd.min.js]
[demo.w3layouts.com/demos_new/template_demo/22-06-2017/medicate-demo_Free/2121820411/web/js/masonry.pkgd.min.js]
[demo.w3layouts.com/demos_new/template_demo/22-06-2017/medicate-demo_Free/2121820411/web/js/classie.js]
[demo.w3layouts.com/demos_new/template_demo/22-06-2017/medicate-demo_Free/2121820411/web/js/cbpGridGallery.js]
[demo.w3layouts.com/demos_new/template_demo/22-06-2017/medicate-demo_Free/2121820411/web/images/t1.jpg]
[demo.w3layouts.com/demos_new/template_demo/22-06-2017/medicate-demo_Free/2121820411/web/images/t2.jpg]
[demo.w3layouts.com/demos_new/template_demo/22-06-2017/medicate-demo_Free/2121820411/web/images/t3.jpg]
[demo.w3layouts.com/demos_new/template_demo/22-06-2017/medicate-demo_Free/2121820411/web/images/t4.jpg]
[demo.w3layouts.com/demos_new/template_demo/22-06-2017/medicate-demo_Free/2121820411/web/js/jarallax.js]
[demo.w3layouts.com/demos_new/template_demo/22-06-2017/medicate-demo_Free/2121820411/web/js/SmoothScroll.min.js]
[demo.w3layouts.com/demos_new/template_demo/22-06-2017/medicate-demo_Free/2121820411/web/css/jquery-ui.css]
[demo.w3layouts.com/demos_new/template_demo/22-06-2017/medicate-demo_Free/2121820411/web/js/jquery-ui.js]
[demo.w3layouts.com/demos_new/template_demo/22-06-2017/medicate-demo_Free/2121820411/web/js/easy-responsive-tabs.js]
[demo.w3layouts.com/demos_new/template_demo/22-06-2017/medicate-demo_Free/2121820411/web/index.html]
[fonts.googleapis.com/css3059.css]
[fonts.googleapis.com/css7fc9.css]
[m.servedby-buysellads.com/monetization.js]
[demo.w3layouts.com/demos_new/template_demo/22-06-2017/medicate-demo_Free/2121820411/web/fonts/glyphicons-halflings-regular.eot]
[demo.w3layouts.com/demos_new/template_demo/22-06-2017/medicate-demo_Free/2121820411/web/fonts/glyphicons-halflings-regulard41d.eot]
[demo.w3layouts.com/demos_new/template_demo/22-06-2017/medicate-demo_Free/2121820411/web/fonts/glyphicons-halflings-regular.woff2]
[demo.w3layouts.com/demos_new/template_demo/22-06-2017/medicate-demo_Free/2121820411/web/fonts/glyphicons-halflings-regular.woff]
[demo.w3layouts.com/demos_new/template_demo/22-06-2017/medicate-demo_Free/2121820411/web/fonts/glyphicons-halflings-regular.ttf]
[demo.w3layouts.com/demos_new/template_demo/22-06-2017/medicate-demo_Free/2121820411/web/css/bootstrap.css]
[demo.w3layouts.com/demos_new/template_demo/22-06-2017/medicate-demo_Free/2121820411/web/css/easy-responsive-tabs.css]
[demo.w3layouts.com/demos_new/template_demo/22-06-2017/medicate-demo_Free/2121820411/web/fonts/glyphicons-halflings-regular.svg]
[demo.w3layouts.com/demos_new/template_demo/22-06-2017/medicate-demo_Free/2121820411/web/images/a1.png]
[demo.w3layouts.com/demos_new/template_demo/22-06-2017/medicate-demo_Free/2121820411/web/images/a2.png]
[demo.w3layouts.com/demos_new/template_demo/22-06-2017/medicate-demo_Free/2121820411/web/images/k.jpg]
[demo.w3layouts.com/demos_new/template_demo/22-06-2017/medicate-demo_Free/2121820411/web/images/ta1.jpg]
[demo.w3layouts.com/demos_new/template_demo/22-06-2017/medicate-demo_Free/2121820411/web/images/ta2.jpg]
[demo.w3layouts.com/demos_new/template_demo/22-06-2017/medicate-demo_Free/2121820411/web/images/ta3.jpg]
[demo.w3layouts.com/demos_new/template_demo/22-06-2017/medicate-demo_Free/2121820411/web/images/ta4.jpg]
[demo.w3layouts.com/demos_new/template_demo/22-06-2017/medicate-demo_Free/2121820411/web/images/4.jpg]
[demo.w3layouts.com/demos_new/template_demo/22-06-2017/medicate-demo_Free/2121820411/web/images/top-arrow.png]
[demo.w3layouts.com/demos_new/template_demo/22-06-2017/medicate-demo_Free/2121820411/web/css/style.css]
[demo.w3layouts.com/demos_new/template_demo/22-06-2017/medicate-demo_Free/2121820411/web/fonts/fontawesome6d27.eot]
[demo.w3layouts.com/demos_new/template_demo/22-06-2017/medicate-demo_Free/2121820411/web/fonts/fontawesomed41d.eot]
[demo.w3layouts.com/demos_new/template_demo/22-06-2017/medicate-demo_Free/2121820411/web/fonts/fontawesome6d27.woff]
[demo.w3layouts.com/demos_new/template_demo/22-06-2017/medicate-demo_Free/2121820411/web/fonts/fontawesome6d27.ttf]
[demo.w3layouts.com/demos_new/template_demo/22-06-2017/medicate-demo_Free/2121820411/web/css/gallery.css]
[demo.w3layouts.com/demos_new/template_demo/22-06-2017/medicate-demo_Free/2121820411/web/fonts/fontawesome6d27.svg]
[demo.w3layouts.com/demos_new/template_demo/22-06-2017/medicate-demo_Free/2121820411/web/fonts/fontawesome-webfont3e6e.eot]
[demo.w3layouts.com/demos_new/template_demo/22-06-2017/medicate-demo_Free/2121820411/web/fonts/fontawesome-webfontd41d.eot]
[demo.w3layouts.com/demos_new/template_demo/22-06-2017/medicate-demo_Free/2121820411/web/fonts/fontawesome-webfont3e6e.woff2]
[demo.w3layouts.com/demos_new/template_demo/22-06-2017/medicate-demo_Free/2121820411/web/fonts/fontawesome-webfont3e6e.woff]
[demo.w3layouts.com/demos_new/template_demo/22-06-2017/medicate-demo_Free/2121820411/web/fonts/fontawesome-webfont3e6e.ttf]
[demo.w3layouts.com/demos_new/template_demo/22-06-2017/medicate-demo_Free/2121820411/web/fonts/fontawesome-webfont.443e6e.delayed]
[demo.w3layouts.com/demos_new/template_demo/22-06-2017/medicate-demo_Free/2121820411/web/css/font-awesome.css]
[demo.w3layouts.com/demos_new/template_demo/22-06-2017/medicate-demo_Free/2121820411/web/images/3.jpg]
[demo.w3layouts.com/demos_new/template_demo/22-06-2017/medicate-demo_Free/2121820411/web/images/5.jpg]
[demo.w3layouts.com/demos_new/template_demo/22-06-2017/medicate-demo_Free/2121820411/web/css/custom.css]
[demo.w3layouts.com/assests/css/font-awesome.min.css]
[demo.w3layouts.com/assests/fonts/fontawesome-webfont3e6e.svg]
[demo.w3layouts.com/demos_new/template_demo/22-06-2017/medicate-demo_Free/2121820411/web/images/b.png]
[demo.w3layouts.com/demos_new/template_demo/22-06-2017/medicate-demo_Free/2121820411/web/images/a.png]
[demo.w3layouts.com/demos_new/template_demo/22-06-2017/medicate-demo_Free/2121820411/web/css/ui-bg_glass_65_ffffff_1x400.png]
[demo.w3layouts.com/demos_new/template_demo/22-06-2017/medicate-demo_Free/2121820411/web/css/ui-bg_glass_95_fef1ec_1x400.png]
[demo.w3layouts.com/demos_new/template_demo/22-06-2017/medicate-demo_Free/2121820411/web/css/ui-bg_flat_0_aaaaaa_40x100.png]
[demo.w3layouts.com/demos_new/template_demo/22-06-2017/medicate-demo_Free/2121820411/web/images/calender.png]
[demo.w3layouts.com/demos_new/template_demo/22-06-2017/medicate-demo_Free/2121820411/web/css/jquery-ui.css]
[demo.w3layouts.com/demos_new/template_demo/22-06-2017/medicate-demo_Free/2121820411/web/fonts/glyphicons-halflings-regular.svg]
[demo.w3layouts.com/demos_new/template_demo/22-06-2017/medicate-demo_Free/2121820411/web/fonts/fontawesome6d27.svg]
[demo.w3layouts.com/demos_new/template_demo/22-06-2017/medicate-demo_Free/2121820411/web/fonts/fontawesome-webfont3e6e.html]
[demo.w3layouts.com/demos_new/template_demo/22-06-2017/medicate-demo_Free/2121820411/web/images/3.html]
[demo.w3layouts.com/demos_new/template_demo/22-06-2017/medicate-demo_Free/2121820411/web/images/5.html]
[demo.w3layouts.com/assests/fonts/fontawesome-webfont3e6e.svg]
[demo.w3layouts.com/demos_new/template_demo/22-06-2017/medicate-demo_Free/2121820411/web/css/ui-bg_glass_65_ffffff_1x400.html]
[demo.w3layouts.com/demos_new/template_demo/22-06-2017/medicate-demo_Free/2121820411/web/css/ui-bg_glass_95_fef1ec_1x400.html]
[demo.w3layouts.com/demos_new/template_demo/22-06-2017/medicate-demo_Free/2121820411/web/css/ui-bg_flat_0_aaaaaa_40x100.html]
[demo.w3layouts.com/demos_new/template_demo/22-06-2017/medicate-demo_Free/2121820411/web/images/calender.html]
[demo.w3layouts.com/demos_new/template_demo/22-06-2017/medicate-demo_Free/2121820411/web/images/2.html]
[demo.w3layouts.com/demos_new/template_demo/22-06-2017/medicate-demo_Free/2121820411/web/images/2.html]
